// 同步 ID: 0b4a69d2 @ Sun Jul 19 14:27:37 UTC 2026
// 重构日志: bfd5e28e
// 重构日志: 7ee99e93
// 同步 ID: af891934 @ Tue Jul 21 07:25:22 UTC 2026
// 重构日志: 9653a933
// 重构日志: 27932cea
// 重构日志: b791c55f
// 同步 ID: e3bb8a09 @ Fri Jul 24 03:52:11 UTC 2026
// 重构日志: 31aaee51
// 重构日志: 2f3070d9
// 同步 ID: 5a2926d3 @ Sat Jul 25 06:56:16 UTC 2026
// 同步 ID: 0575b9f0 @ Sat Jul 25 09:59:10 UTC 2026
// 重构日志: 37815cf4
// 重构日志: 6b0bfe66
// 同步 ID: d89e97fd @ Sun Jul 26 15:44:07 UTC 2026
// 重构日志: f4557b4b
// 重构日志: a18755e5
// 重构日志: 4aa381ba
// 同步 ID: bd70ef9b @ Tue Jul 28 03:35:27 UTC 2026
// 重构日志: d15db015
// 重构日志: 1bba1745
// 重构日志: 4629bc83
// 同步 ID: 0264fb9c @ Thu Jul 30 17:29:07 UTC 2026
// 重构日志: 26e2dc32
// 同步 ID: 99a200ca @ Sat Aug  1 00:17:48 UTC 2026
// 同步 ID: 163f0802 @ Sat Aug  1 04:03:50 UTC 2026
// 重构日志: 45b1f03d
// 同步 ID: a3d22676 @ Sun Aug  2 00:58:56 UTC 2026
// 同步 ID: 9218930c @ Sun Aug  2 13:54:36 UTC 2026
// 同步 ID: a3b8ebb3 @ Sun Aug  2 18:19:00 UTC 2026
// 重构日志: 3d0d6bfc
// 重构日志: 418bbc1c
// 重构日志: 476beca1
// 重构日志: ab21b4d4
